Another "unreachable code" issue; I've reproduced it in 2.10.1 and a 2.11 nightly build.


```scala
Welcome to Scala version 2.11.0-20130410-113912-f6323d866f (OpenJDK 64-Bit Server VM, Java 1.7.0_15).
Type in expressions to have them evaluated.
Type :help for more information.

scala>     val X = true
X: Boolean = true

scala>     val O = false
O: Boolean = false

scala>     def classify(neighbourhood: (Boolean, Boolean, Boolean)): String = {
     |         neighbourhood match {
     |         case (X, X, X) => "middle"
     |         case (X, X, O) => "right"
     |         case (O, X, X) => "left"
     |         case _ => throw new IllegalArgumentException("Invalid")
     |       }
     |     }
<console>:12: warning: unreachable code
               case (X, X, O) => "right"
                                 ^
classify: (neighbourhood: (Boolean, Boolean, Boolean))String

scala> classify(true, true, false)
res0: String = right

scala> classify(false, true, true)
res1: String = left
```


```scala
Welcome to Scala version 2.10.1 (OpenJDK 64-Bit Server VM, Java 1.7.0_15).
Type in expressions to have them evaluated.
Type :help for more information.

scala>     val X = true
X: Boolean = true

scala>     val O = false
O: Boolean = false

scala>     def classify(neighbourhood: (Boolean, Boolean, Boolean)): String = {
     |         neighbourhood match {
     |         case (X, X, X) => "middle"
     |         case (X, X, O) => "right"
     |         case (O, X, X) => "left"
     |         case _ => throw new IllegalArgumentException("Invalid")
     |       }
     |     }
<console>:12: warning: unreachable code
               case (X, X, O) => "right"
                                 ^
classify: (neighbourhood: (Boolean, Boolean, Boolean))String

scala> classify(true, true, false)
res0: String = right
```